src/repositories/CategoryRepository.ts(13,5): error TS2322: Type 'MergeType<Document<unknown, {}, ICategory, {}, {}> & ICategory & Required<{ _id: ObjectId; }> & { __v: number; }, Omit<Partial<ICategory>, "_id">>[]' is not assignable to type 'ICategory[]'.
  Type 'MergeType<Document<unknown, {}, ICategory, {}, {}> & ICategory & Required<{ _id: ObjectId; }> & { __v: number; }, Omit<Partial<ICategory>, "_id">>' is not assignable to type 'ICategory'.
    Types of property 'user' are incompatible.
      Type 'ObjectId | undefined' is not assignable to type 'ObjectId'.
        Type 'undefined' is not assignable to type 'ObjectId'.
src/services/AuthService.ts(21,37): error TS18047: 'user' is possibly 'null'.
src/services/AuthService.ts(26,33): error TS2352: Conversion of type 'ObjectId' to type 'string' may be a mistake because neither type sufficiently overlaps with the other. If this was intentional, convert the expression to 'unknown' first.
